Failed to start backend: MongooseServerSelectionError: Could not connect to any servers in your MongoDB Atlas cluster. One common reason is that you're trying to access the database from an IP that isn't whitelisted. Make sure your current IP address is on your Atlas cluster's IP whitelist: https://www.mongodb.com/docs/atlas/security-whitelist/
    at _handleConnectionErrors (E:\New Volume (D)\UOR\Final Year Project\Milestone3\movie-rec-app\backend\node_modules\mongoose\lib\connection.js:1168:11)
    at NativeConnection.openUri (E:\New Volume (D)\UOR\Final Year Project\Milestone3\movie-rec-app\backend\node_modules\mongoose\lib\connection.js:1099:11)
    at async connectDb (E:\New Volume (D)\UOR\Final Year Project\Milestone3\movie-rec-app\backend\src\config\db.js:8:3) {
  errorLabelSet: Set(0) {},
  reason: TopologyDescription {
    type: 'ReplicaSetNoPrimary',
    servers: Map(3) {
      'ac-slrkhkx-shard-00-02.xknzvzm.mongodb.net:27017' => [ServerDescription],
      'ac-slrkhkx-shard-00-00.xknzvzm.mongodb.net:27017' => [ServerDescription],
      'ac-slrkhkx-shard-00-01.xknzvzm.mongodb.net:27017' => [ServerDescription]
    },
    stale: false,
    compatible: true,
    heartbeatFrequencyMS: 10000,
    localThresholdMS: 15,
    setName: 'atlas-jx79hy-shard-0',
    maxElectionId: null,
    maxSetVersion: null,
    commonWireVersion: 0,
    logicalSessionTimeoutMinutes: null
  },
  code: undefined,
  cause: TopologyDescription {
    type: 'ReplicaSetNoPrimary',
    servers: Map(3) {
      'ac-slrkhkx-shard-00-02.xknzvzm.mongodb.net:27017' => [ServerDescription],
      'ac-slrkhkx-shard-00-00.xknzvzm.mongodb.net:27017' => [ServerDescription],
      'ac-slrkhkx-shard-00-01.xknzvzm.mongodb.net:27017' => [ServerDescription]
    },
    stale: false,
    compatible: true,
    heartbeatFrequencyMS: 10000,
    localThresholdMS: 15,
    setName: 'atlas-jx79hy-shard-0',
    maxElectionId: null,
    maxSetVersion: null,
    commonWireVersion: 0,
    logicalSessionTimeoutMinutes: null
  }
}
